Supabase Lib Initializing. URL: FOUND Key: FOUND
--- Starting Doctor Agent Test ---
Loaded API Key: AIzaSyAUfs...
node : DoctorAgent 
Deep Error: GoogleGene
rativeAIError: [400 
Bad Request] API key 
expired. Please renew 
the API key. [{"@type"
:"type.googleapis.com/
google.rpc.ErrorInfo",
"reason":"API_KEY_INVA
LID","domain":"googlea
pis.com","metadata":{"
service":"generativela
nguage.googleapis.com"
}},{"@type":"type.goog
leapis.com/google.rpc.
LocalizedMessage","loc
ale":"en-US","message"
:"API key expired. 
Please renew the API 
key."}]
At line:1 char:1
+ node 
test_doctor_agent.js 
> test_output.txt 2>&1
+ ~~~~~~~~~~~~~~~~~~~~
~~~~~~~~~~~~~~~~~~~~~~
~~~~~~
    + CategoryInfo    
          : NotSpeci  
  fied: (DoctorAgen   
 t Dee...the API k    
ey."}]:String) []    
, RemoteException
    + FullyQualifiedE 
   rrorId : NativeCo  
  mmandError
 
    at makeRequest (C:
\Users\hello\Desktop\A
Dff\╪│┘è╪│╪¬┘à ╪º┘ä╪╣┘
è╪º╪»╪⌐\server\node_mo
dules\@google\generati
ve-ai\dist\index.js:21
6:19)
    at process.process
TicksAndRejections (no
de:internal/process/ta
sk_queues:103:5)
    at async 
generateContent (C:\Us
ers\hello\Desktop\ADff
\╪│┘è╪│╪¬┘à ╪º┘ä╪╣┘è╪º
╪»╪⌐\server\node_modul
es\@google\generative-
ai\dist\index.js:525:2
2)
    at async ChatSessi
on.sendMessage (C:\Use
rs\hello\Desktop\ADff\
╪│┘è╪│╪¬┘à ╪º┘ä╪╣┘è╪º╪
»╪⌐\server\node_module
s\@google\generative-a
i\dist\index.js:669:9)
    at async DoctorAge
ntService.generateResp
onse (C:\Users\hello\D
esktop\ADff\╪│┘è╪│╪¬┘à
 ╪º┘ä╪╣┘è╪º╪»╪⌐\server
\services\DoctorAgentS
ervice.js:61:28)
    at async test (C:\
Users\hello\Desktop\AD
ff\╪│┘è╪│╪¬┘à ╪º┘ä╪╣┘è
╪º╪»╪⌐\server\test_doc
tor_agent.js:10:26)
Response: ╪╣╪░╪▒╪º┘ï╪î ╪¡╪»╪½ ╪«╪╖╪ú ┘ü┘è ┘à╪╣╪º┘ä╪¼╪⌐ ╪╖┘ä╪¿┘â (Backend).
